============================= test session starts =============================
platform win32 -- Python 3.12.6, pytest-8.3.4, pluggy-1.5.0 -- C:\Users\vdeep\AppData\Local\Programs\Python\Python312\python.exe
cachedir: .pytest_cache
rootdir: C:\Users\vdeep\nft_dashboard
plugins: anyio-4.5.0, dash-2.18.2
collecting ... collected 16 items

tests/test_app.py::test_app_starts PASSED                                [  6%]
tests/test_app.py::test_page_routes[/] PASSED                            [ 12%]
tests/test_app.py::test_page_routes[/insights] PASSED                    [ 18%]
tests/test_app.py::test_page_routes[/trends] PASSED                      [ 25%]
tests/test_app.py::test_page_routes[/comparison] PASSED                  [ 31%]
tests/test_app.py::test_page_routes[/data_insights] PASSED               [ 37%]
tests/test_app.py::test_page_routes[/nft_collections] PASSED             [ 43%]
tests/test_app.py::test_nav_links_exist PASSED                           [ 50%]
tests/test_app.py::test_comparison_dropdown PASSED                       [ 56%]
tests/test_app.py::test_trends_dropdown PASSED                           [ 62%]
tests/test_app.py::test_trends_graph_update PASSED                       [ 68%]
tests/test_app.py::test_nft_collections_filters PASSED                   [ 75%]
tests/test_app.py::test_footer_exists PASSED                             [ 81%]
tests/test_app.py::test_home_title_exists PASSED                         [ 87%]
tests/test_app.py::test_invalid_page PASSED                              [ 93%]
tests/test_app.py::test_app_title FAILED                                 [100%]

================================== FAILURES ===================================
_______________________________ test_app_title ________________________________

    def test_app_title():
        expected_title = "NFT Dashboard"  # \u274c This will fail since the title is "NFT Market Dashboard"
        actual_title = app.title
>       assert actual_title == expected_title, f"App title mismatch: Expected '{expected_title}', got '{actual_title}'"
E       AssertionError: App title mismatch: Expected 'NFT Dashboard', got 'NFT Market Dashboard'
E       assert 'NFT Market Dashboard' == 'NFT Dashboard'
E         
E         - NFT Dashboard
E         + NFT Market Dashboard
E         ?    +++++++

tests\test_app.py:69: AssertionError
============================== warnings summary ===============================
pages\comparison.py:9
  C:\Users\vdeep\nft_dashboard\pages\comparison.py:9: FutureWarning:
  
  'M' is deprecated and will be removed in a future version, please use 'ME' instead.

-- Docs: https://docs.pytest.org/en/stable/how-to/capture-warnings.html
=========================== short test summary info ===========================
FAILED tests/test_app.py::test_app_title - AssertionError: App title mismatch...
=================== 1 failed, 15 passed, 1 warning in 3.03s ===================
